n=113 add | 3830 train / 8939 test | 226,048 params
  step      0 tr 0.009 te 0.009 trloss 4.74e+00 teloss 4.740 |w| 37.2 maxlgt 1 [0m, eta 7.6h]
  step    500 tr 1.000 te 0.013 trloss 9.00e-04 teloss 21.484 |w| 58.7 maxlgt 53 [4m, eta 3.2h]
  step   1000 tr 1.000 te 0.019 trloss 4.80e-06 teloss 27.758 |w| 59.8 maxlgt 71 [8m, eta 3.1h]
  step   1500 tr 1.000 te 0.023 trloss 3.63e-07 teloss 30.214 |w| 57.1 maxlgt 80 [12m, eta 3.0h]
  step   2000 tr 1.000 te 0.025 trloss 3.45e-07 teloss 28.985 |w| 54.7 maxlgt 77 [15m, eta 3.0h]
  step   2500 tr 1.000 te 0.029 trloss 3.37e-07 teloss 27.800 |w| 53.5 maxlgt 75 [19m, eta 2.9h]
  step   3000 tr 1.000 te 0.033 trloss 3.29e-07 teloss 26.549 |w| 52.8 maxlgt 73 [23m, eta 2.8h]
  step   3500 tr 1.000 te 0.038 trloss 3.22e-07 teloss 25.049 |w| 52.2 maxlgt 73 [27m, eta 2.7h]
  step   4000 tr 1.000 te 0.048 trloss 3.12e-07 teloss 22.935 |w| 51.5 maxlgt 73 [31m, eta 2.7h]
  step   4500 tr 1.000 te 0.063 trloss 3.02e-07 teloss 20.135 |w| 50.8 maxlgt 70 [34m, eta 2.6h]
  step   5000 tr 1.000 te 0.103 trloss 2.87e-07 teloss 16.297 |w| 49.8 maxlgt 67 [38m, eta 2.5h]
  step   5500 tr 1.000 te 0.192 trloss 2.63e-07 teloss 10.953 |w| 48.4 maxlgt 69 [42m, eta 2.5h]
  step   6000 tr 1.000 te 0.468 trloss 2.24e-07 teloss 4.273 |w| 46.1 maxlgt 77 [46m, eta 2.4h]
  step   6500 tr 1.000 te 0.913 trloss 1.74e-07 teloss 0.339 |w| 42.2 maxlgt 89 [49m, eta 2.3h]
  *** GROKKED at step 6900 ***
  step   7000 tr 1.000 te 0.996 trloss 1.43e-07 teloss 0.012 |w| 38.2 maxlgt 97 [53m, eta 2.3h]
  step   7500 tr 1.000 te 1.000 trloss 1.23e-07 teloss 0.000 |w| 35.0 maxlgt 83 [57m, eta 2.2h]
  step   8000 tr 1.000 te 1.000 trloss 1.10e-07 teloss 0.000 |w| 32.9 maxlgt 69 [61m, eta 2.1h]
  step   8500 tr 1.000 te 1.000 trloss 1.06e-07 teloss 0.000 |w| 31.8 maxlgt 65 [64m, eta 2.1h]
  step   9000 tr 1.000 te 1.000 trloss 1.04e-07 teloss 0.000 |w| 31.2 maxlgt 65 [68m, eta 2.0h]
  step   9500 tr 1.000 te 1.000 trloss 1.03e-07 teloss 0.000 |w| 30.9 maxlgt 64 [72m, eta 2.0h]
  step  10000 tr 1.000 te 1.000 trloss 1.02e-07 teloss 0.000 |w| 30.8 maxlgt 64 [75m, eta 1.9h]
  step  10500 tr 1.000 te 1.000 trloss 1.02e-07 teloss 0.000 |w| 30.7 maxlgt 64 [79m, eta 1.8h]
  step  11000 tr 1.000 te 1.000 trloss 1.01e-07 teloss 0.000 |w| 30.7 maxlgt 65 [83m, eta 1.8h]
  step  11500 tr 1.000 te 1.000 trloss 1.01e-07 teloss 0.000 |w| 30.6 maxlgt 65 [87m, eta 1.7h]
  step  12000 tr 1.000 te 1.000 trloss 1.00e-07 teloss 0.000 |w| 30.6 maxlgt 65 [90m, eta 1.6h]
  step  12500 tr 1.000 te 1.000 trloss 1.00e-07 teloss 0.000 |w| 30.6 maxlgt 65 [94m, eta 1.6h]
  step  13000 tr 1.000 te 1.000 trloss 1.00e-07 teloss 0.000 |w| 30.6 maxlgt 65 [98m, eta 1.5h]
  step  13500 tr 1.000 te 1.000 trloss 9.98e-08 teloss 0.000 |w| 30.6 maxlgt 64 [102m, eta 1.4h]
  step  14000 tr 1.000 te 1.000 trloss 9.97e-08 teloss 0.000 |w| 30.6 maxlgt 64 [105m, eta 1.4h]
  step  14500 tr 1.000 te 1.000 trloss 9.95e-08 teloss 0.000 |w| 30.5 maxlgt 64 [109m, eta 1.3h]
  step  15000 tr 1.000 te 1.000 trloss 9.94e-08 teloss 0.000 |w| 30.5 maxlgt 64 [113m, eta 1.3h]
  step  15500 tr 1.000 te 1.000 trloss 9.93e-08 teloss 0.000 |w| 30.5 maxlgt 64 [116m, eta 1.2h]
  step  16000 tr 1.000 te 1.000 trloss 9.92e-08 teloss 0.000 |w| 30.5 maxlgt 64 [120m, eta 1.1h]
  step  16500 tr 1.000 te 1.000 trloss 9.91e-08 teloss 0.000 |w| 30.5 maxlgt 64 [124m, eta 1.1h]
  step  17000 tr 1.000 te 1.000 trloss 9.90e-08 teloss 0.000 |w| 30.5 maxlgt 64 [127m, eta 1.0h]
  step  17500 tr 1.000 te 1.000 trloss 9.89e-08 teloss 0.000 |w| 30.5 maxlgt 64 [131m, eta 0.9h]
  step  18000 tr 1.000 te 1.000 trloss 9.88e-08 teloss 0.000 |w| 30.5 maxlgt 63 [135m, eta 0.9h]
  step  18500 tr 1.000 te 1.000 trloss 9.87e-08 teloss 0.000 |w| 30.5 maxlgt 63 [138m, eta 0.8h]
  step  19000 tr 1.000 te 1.000 trloss 9.86e-08 teloss 0.000 |w| 30.5 maxlgt 63 [142m, eta 0.7h]
  step  19500 tr 1.000 te 1.000 trloss 9.85e-08 teloss 0.000 |w| 30.5 maxlgt 63 [146m, eta 0.7h]
  step  20000 tr 1.000 te 1.000 trloss 9.85e-08 teloss 0.000 |w| 30.5 maxlgt 63 [150m, eta 0.6h]
  step  20500 tr 1.000 te 1.000 trloss 9.84e-08 teloss 0.000 |w| 30.5 maxlgt 63 [153m, eta 0.6h]
  step  21000 tr 1.000 te 1.000 trloss 9.83e-08 teloss 0.000 |w| 30.5 maxlgt 63 [157m, eta 0.5h]
  step  21500 tr 1.000 te 1.000 trloss 9.83e-08 teloss 0.000 |w| 30.5 maxlgt 63 [161m, eta 0.4h]
  step  22000 tr 1.000 te 1.000 trloss 9.82e-08 teloss 0.000 |w| 30.5 maxlgt 63 [164m, eta 0.4h]
  step  22500 tr 1.000 te 1.000 trloss 9.81e-08 teloss 0.000 |w| 30.5 maxlgt 63 [168m, eta 0.3h]
  step  23000 tr 1.000 te 1.000 trloss 9.81e-08 teloss 0.000 |w| 30.5 maxlgt 63 [172m, eta 0.2h]
  step  23500 tr 1.000 te 1.000 trloss 9.80e-08 teloss 0.000 |w| 30.5 maxlgt 63 [176m, eta 0.2h]
  step  24000 tr 1.000 te 1.000 trloss 9.79e-08 teloss 0.000 |w| 30.4 maxlgt 63 [180m, eta 0.1h]
  step  24500 tr 1.000 te 1.000 trloss 9.79e-08 teloss 0.000 |w| 30.4 maxlgt 62 [184m, eta 0.1h]
  step  25000 tr 1.000 te 1.000 trloss 9.78e-08 teloss 0.000 |w| 30.4 maxlgt 62 [188m, eta 0.0h]
done. grok_step=6900, 3.14 h
